// 重构日志: e839dbbd
// 同步 ID: bcb8e263 @ Thu Jul 16 18:24:37 UTC 2026
// 重构日志: 731872bc
// 同步 ID: 10df0cf1 @ Fri Jul 17 01:28:30 UTC 2026
// 同步 ID: 8e2046ec @ Fri Jul 17 09:38:05 UTC 2026
// 重构日志: 4c547d23
// 重构日志: adb190be
// 重构日志: daeac55d
// 同步 ID: aeaa8140 @ Sat Jul 18 13:05:30 UTC 2026
// 重构日志: 1e9136ed
// 重构日志: 4ded7458
// 重构日志: 05498f6f
// 同步 ID: 2338c33f @ Wed Jul 22 01:29:20 UTC 2026
// 同步 ID: bc28fc61 @ Wed Jul 22 05:15:29 UTC 2026
// 重构日志: c6cee120
// 重构日志: d310dcd9
// 重构日志: 968b2677
// 重构日志: bf45777b
// 同步 ID: 5b552397 @ Thu Jul 23 08:37:06 UTC 2026
// 同步 ID: abb9aec8 @ Fri Jul 24 12:29:13 UTC 2026
// 重构日志: 661a2bd4
// 重构日志: e16d4c5c
// 重构日志: 9f2333dc
// 同步 ID: 4f8b9ff4 @ Sun Jul 26 00:22:55 UTC 2026
// 重构日志: ee133beb
// 同步 ID: e4a358b0 @ Sun Jul 26 05:28:45 UTC 2026
// 同步 ID: 7403325d @ Sun Jul 26 16:07:20 UTC 2026
// 重构日志: 7fdd4f2b
// 同步 ID: 1499eba9 @ Sun Jul 26 19:17:57 UTC 2026
// 同步 ID: 099e8e21 @ Sun Jul 26 23:05:22 UTC 2026
// 重构日志: e8d0bd78
